[www.innersloth.com/gameAmongUs.html]
[backblue.gif]
[fade.gif]
[index.html]
[www.innersloth.com/index.html]
[www.innersloth.com/Images/logo/logo.png]
[www.innersloth.com/Images/button_Games.png]
[www.innersloth.com/About.html]
[www.innersloth.com/Images/button_About.png]
[www.innersloth.com/Images/button_Merch.png]
[www.innersloth.com/Images/GAMES/AmongUs/banner_AmongUs.jpg]
[www.innersloth.com/Images/GAMES/AmongUs/bannerLogo_AmongUs.png]
[www.innersloth.com/Images/google-play-badge.png]
[www.innersloth.com/Images/GAMES/AmongUs/promoFinal.jpg]
[www.innersloth.com/Images/GAMES/AmongUs/releaseWeek_promos3.jpg]
[www.innersloth.com/Images/GAMES/AmongUs/holiday2018hatsPromo.jpg]
[www.innersloth.com/Images/GAMES/AmongUs/miraPromo_tower.jpg]
[www.innersloth.com/Images/GAMES/AmongUs/miraPromo_skyBridge.jpg]
[www.innersloth.com/Images/GAMES/AmongUs/polus_promo1.jpg]
[www.innersloth.com/Images/GAMES/AmongUs/polus_promo2.jpg]
[www.innersloth.com/Images/GAMES/AmongUs/petsPromo.jpg]
[www.innersloth.com/Images/GAMES/AmongUs/2019_halloweenPromo.jpg]
[www.innersloth.com/Images/Discord-Logo-Color.png]
[www.innersloth.com/Images/FB-f-Logo__blue_50.png]
[www.innersloth.com/Images/Twitter_Social_Icon_Rounded_Square_Color_small.png]
[www.innersloth.com/Images/NG_TANK.png]
[www.innersloth.com/gameAmongUs.html]
[www.innersloth.com/websiteStyle.css]
[www.innersloth.com/gameDig2China.html]
[www.innersloth.com/Images/GAMES/DigToChina/banner_DigToChina.png]
[www.innersloth.com/Images/GAMES/DigToChina/TITLE_TitleWords.png]
[www.innersloth.com/Images/GAMES/HenryCollection/banner_HenryCTM.jpg]
[www.innersloth.com/gameHenryCollection.html]
[www.innersloth.com/Images/GAMES/HenryCollection/HSLogo.png]
[www.innersloth.com/index.html]
[www.innersloth.com/Images/ABOUT/bioImages/forestPortrait.png]
[www.innersloth.com/Images/ABOUT/bioImages/marcusPortrait.png]
[www.innersloth.com/Images/youtube_social_squircle_red.png]
[www.innersloth.com/Images/ABOUT/bioImages/amyPortrait.png]
[www.innersloth.com/About.html]
[www.innersloth.com/Images/appstore.svg]
[www.innersloth.com/Images/devART.png]
[www.innersloth.com/Images/GAMES/DigToChina/default@2x.png]
[www.innersloth.com/Images/GAMES/DigToChina/IMG_0428.png]
[www.innersloth.com/Images/GAMES/DigToChina/IMG_0429.png]
[www.innersloth.com/Images/GAMES/DigToChina/IMG_0431.png]
[www.innersloth.com/Images/GAMES/DigToChina/IMG_0430.png]
[www.innersloth.com/gameDig2China.html]
[www.innersloth.com/Images/GAMES/HenryCollection/BackdoorOldNew.png]
[www.innersloth.com/Images/GAMES/HenryCollection/recordsOldNew.jpg]
[www.innersloth.com/Images/GAMES/HenryCollection/airshipoldNew.png]
[www.innersloth.com/Images/GAMES/HenryCollection/HenryEllieoldnew.png]
[www.innersloth.com/Images/GAMES/HenryCollection/etcOldNew.png]
[www.innersloth.com/Images/GAMES/HenryCollection/museumOldNew.jpg]
[www.innersloth.com/Images/GAMES/HenryCollection/WW2OldNew.jpg]
[www.innersloth.com/Images/GAMES/HenryCollection/ctm_choices.jpg]
[www.innersloth.com/Images/GAMES/HenryCollection/ctm_103.jpg]
[www.innersloth.com/Images/GAMES/HenryCollection/ctm_33.jpg]
[www.innersloth.com/Images/GAMES/HenryCollection/ctm_81.jpg]
[www.innersloth.com/Images/GAMES/HenryCollection/ctm_THbase.jpg]
[www.innersloth.com/Images/GAMES/HenryCollection/thsc_Poster.jpg]
[www.innersloth.com/gameHenryCollection.html]
